
line 8 column 1 - Warning: <link> element not empty or not closed
line 135 column 33 - Warning: missing </a> before <div>
line 135 column 116 - Warning: discarding unexpected </a>
line 138 column 462 - Warning: discarding unexpected </b>
line 8 column 1 - Warning: <link> inserting "type" attribute
line 18 column 5 - Warning: <meta> proprietary attribute "itemprop"
line 18 column 5 - Warning: <meta> lacks "content" attribute
line 19 column 5 - Warning: <meta> proprietary attribute "itemprop"
line 20 column 5 - Warning: <meta> proprietary attribute "itemprop"
line 21 column 3 - Warning: <script> inserting "type" attribute
line 35 column 15 - Warning: <div> proprietary attribute "itemscope"
line 35 column 15 - Warning: <div> proprietary attribute "itemtype"
line 36 column 19 - Warning: <div> proprietary attribute "itemprop"
line 39 column 17 - Warning: <div> proprietary attribute "itemprop"
line 42 column 19 - Warning: <div> proprietary attribute "itemprop"
line 43 column 19 - Warning: <span> proprietary attribute "itemprop"
line 43 column 82 - Warning: <span> proprietary attribute "itemprop"
line 43 column 136 - Warning: <span> proprietary attribute "itemprop"
line 43 column 182 - Warning: <span> proprietary attribute "itemprop"
line 47 column 17 - Warning: <div> proprietary attribute "itemprop"
line 50 column 17 - Warning: <div> proprietary attribute "itemprop"
line 59 column 17 - Warning: <div> proprietary attribute "itemprop"
line 68 column 11 - Warning: <img> lacks "alt" attribute
line 74 column 13 - Warning: <input> attribute "type" has invalid value "tel"
line 74 column 13 - Warning: <input> proprietary attribute "placeholder"
line 178 column 3 - Warning: <script> inserting "type" attribute
Info: Doctype given is "-//W3C//DTD XHTML 1.0 Transitional//EN"
Info: Document content looks like XHTML 1.0 Transitional
26 warnings, 0 errors were found!

The alt attribute should be used to give a short description
of an image; longer descriptions should be given with the
longdesc attribute which takes a URL linked to the description.
These measures are needed for people using non-graphical browsers.

For further advice on how to make your pages accessible
see http://www.w3.org/WAI/GL. You may also want to try
"http://www.cast.org/bobby/" which is a free Web-based
service for checking URLs for accessibility.

To learn more about HTML Tidy see http://tidy.sourceforge.net
Please send bug reports to html-tidy@w3.org
HTML and CSS specifications are available from http://www.w3.org/
Lobby your company to join W3C, see http://www.w3.org/Consortium
